Archive member included to satisfy reference by file (symbol)

/home/svs/.local/share/stm32cube/bundles/gnu-tools-for-stm32/14.3.1+st.2/bin/../lib/gcc/arm-none-eabi/14.3.1/../../../../arm-none-eabi/lib/thumb/v7e-m+fp/hard/libc_nano.a(libc_a-exit.o)
                              /home/svs/.local/share/stm32cube/bundles/gnu-tools-for-stm32/14.3.1+st.2/bin/../lib/gcc/arm-none-eabi/14.3.1/../../../../arm-none-eabi/lib/thumb/v7e-m+fp/hard/crt0.o (exit)
/home/svs/.local/share/stm32cube/bundles/gnu-tools-for-stm32/14.3.1+st.2/bin/../lib/gcc/arm-none-eabi/14.3.1/../../../../arm-none-eabi/lib/thumb/v7e-m+fp/hard/libc_nano.a(libc_a-findfp.o)
                              /home/svs/.local/share/stm32cube/bundles/gnu-tools-for-stm32/14.3.1+st.2/bin/../lib/gcc/arm-none-eabi/14.3.1/../../../../arm-none-eabi/lib/thumb/v7e-m+fp/hard/libc_nano.a(libc_a-exit.o) (__stdio_exit_handler)
/home/svs/.local/share/stm32cube/bundles/gnu-tools-for-stm32/14.3.1+st.2/bin/../lib/gcc/arm-none-eabi/14.3.1/../../../../arm-none-eabi/lib/thumb/v7e-m+fp/hard/libc_nano.a(libc_a-fwalk.o)
                              /home/svs/.local/share/stm32cube/bundles/gnu-tools-for-stm32/14.3.1+st.2/bin/../lib/gcc/arm-none-eabi/14.3.1/../../../../arm-none-eabi/lib/thumb/v7e-m+fp/hard/libc_nano.a(libc_a-findfp.o) (_fwalk_sglue)
/home/svs/.local/share/stm32cube/bundles/gnu-tools-for-stm32/14.3.1+st.2/bin/../lib/gcc/arm-none-eabi/14.3.1/../../../../arm-none-eabi/lib/thumb/v7e-m+fp/hard/libc_nano.a(libc_a-stdio.o)
                              /home/svs/.local/share/stm32cube/bundles/gnu-tools-for-stm32/14.3.1+st.2/bin/../lib/gcc/arm-none-eabi/14.3.1/../../../../arm-none-eabi/lib/thumb/v7e-m+fp/hard/libc_nano.a(libc_a-findfp.o) (__sread)
/home/svs/.local/share/stm32cube/bundles/gnu-tools-for-stm32/14.3.1+st.2/bin/../lib/gcc/arm-none-eabi/14.3.1/../../../../arm-none-eabi/lib/thumb/v7e-m+fp/hard/libc_nano.a(libc_a-memset.o)
                              /home/svs/.local/share/stm32cube/bundles/gnu-tools-for-stm32/14.3.1+st.2/bin/../lib/gcc/arm-none-eabi/14.3.1/../../../../arm-none-eabi/lib/thumb/v7e-m+fp/hard/crt0.o (memset)
/home/svs/.local/share/stm32cube/bundles/gnu-tools-for-stm32/14.3.1+st.2/bin/../lib/gcc/arm-none-eabi/14.3.1/../../../../arm-none-eabi/lib/thumb/v7e-m+fp/hard/libc_nano.a(libc_a-closer.o)
                              /home/svs/.local/share/stm32cube/bundles/gnu-tools-for-stm32/14.3.1+st.2/bin/../lib/gcc/arm-none-eabi/14.3.1/../../../../arm-none-eabi/lib/thumb/v7e-m+fp/hard/libc_nano.a(libc_a-stdio.o) (_close_r)
/home/svs/.local/share/stm32cube/bundles/gnu-tools-for-stm32/14.3.1+st.2/bin/../lib/gcc/arm-none-eabi/14.3.1/../../../../arm-none-eabi/lib/thumb/v7e-m+fp/hard/libc_nano.a(libc_a-reent.o)
                              /home/svs/.local/share/stm32cube/bundles/gnu-tools-for-stm32/14.3.1+st.2/bin/../lib/gcc/arm-none-eabi/14.3.1/../../../../arm-none-eabi/lib/thumb/v7e-m+fp/hard/libc_nano.a(libc_a-closer.o) (errno)
/home/svs/.local/share/stm32cube/bundles/gnu-tools-for-stm32/14.3.1+st.2/bin/../lib/gcc/arm-none-eabi/14.3.1/../../../../arm-none-eabi/lib/thumb/v7e-m+fp/hard/libc_nano.a(libc_a-impure.o)
                              /home/svs/.local/share/stm32cube/bundles/gnu-tools-for-stm32/14.3.1+st.2/bin/../lib/gcc/arm-none-eabi/14.3.1/../../../../arm-none-eabi/lib/thumb/v7e-m+fp/hard/libc_nano.a(libc_a-reent.o) (_impure_ptr)
/home/svs/.local/share/stm32cube/bundles/gnu-tools-for-stm32/14.3.1+st.2/bin/../lib/gcc/arm-none-eabi/14.3.1/../../../../arm-none-eabi/lib/thumb/v7e-m+fp/hard/libc_nano.a(libc_a-lseekr.o)
                              /home/svs/.local/share/stm32cube/bundles/gnu-tools-for-stm32/14.3.1+st.2/bin/../lib/gcc/arm-none-eabi/14.3.1/../../../../arm-none-eabi/lib/thumb/v7e-m+fp/hard/libc_nano.a(libc_a-stdio.o) (_lseek_r)
/home/svs/.local/share/stm32cube/bundles/gnu-tools-for-stm32/14.3.1+st.2/bin/../lib/gcc/arm-none-eabi/14.3.1/../../../../arm-none-eabi/lib/thumb/v7e-m+fp/hard/libc_nano.a(libc_a-readr.o)
                              /home/svs/.local/share/stm32cube/bundles/gnu-tools-for-stm32/14.3.1+st.2/bin/../lib/gcc/arm-none-eabi/14.3.1/../../../../arm-none-eabi/lib/thumb/v7e-m+fp/hard/libc_nano.a(libc_a-stdio.o) (_read_r)
/home/svs/.local/share/stm32cube/bundles/gnu-tools-for-stm32/14.3.1+st.2/bin/../lib/gcc/arm-none-eabi/14.3.1/../../../../arm-none-eabi/lib/thumb/v7e-m+fp/hard/libc_nano.a(libc_a-writer.o)
                              /home/svs/.local/share/stm32cube/bundles/gnu-tools-for-stm32/14.3.1+st.2/bin/../lib/gcc/arm-none-eabi/14.3.1/../../../../arm-none-eabi/lib/thumb/v7e-m+fp/hard/libc_nano.a(libc_a-stdio.o) (_write_r)
/home/svs/.local/share/stm32cube/bundles/gnu-tools-for-stm32/14.3.1+st.2/bin/../lib/gcc/arm-none-eabi/14.3.1/../../../../arm-none-eabi/lib/thumb/v7e-m+fp/hard/libc_nano.a(libc_a-init.o)
[...]
Memory Configuration

Name             Origin             Length             Attributes
RAM              0x20000000         0x00020000         xrw
FLASH            0x08000000         0x00080000         xr
*default*        0x00000000         0xffffffff

Linker script and memory map

LOAD /home/svs/.local/share/stm32cube/bundles/gnu-tools-for-stm32/14.3.1+st.2/bin/../lib/gcc/arm-none-eabi/14.3.1/thumb/v7e-m+fp/hard/crti.o
LOAD /home/svs/.local/share/stm32cube/bundles/gnu-tools-for-stm32/14.3.1+st.2/bin/../lib/gcc/arm-none-eabi/14.3.1/thumb/v7e-m+fp/hard/crtbegin.o
LOAD /home/svs/.local/share/stm32cube/bundles/gnu-tools-for-stm32/14.3.1+st.2/bin/../lib/gcc/arm-none-eabi/14.3.1/../../../../arm-none-eabi/lib/thumb/v7e-m+fp/hard/crt0.o
START GROUP
LOAD /home/svs/.local/share/stm32cube/bundles/gnu-tools-for-stm32/14.3.1+st.2/bin/../lib/gcc/arm-none-eabi/14.3.1/../../../../arm-none-eabi/lib/thumb/v7e-m+fp/hard/libc_nano.a
LOAD /home/svs/.local/share/stm32cube/bundles/gnu-tools-for-stm32/14.3.1+st.2/bin/../lib/gcc/arm-none-eabi/14.3.1/../../../../arm-none-eabi/lib/thumb/v7e-m+fp/hard/libm.a
END GROUP
LOAD CMakeFiles/STM32F446.dir/Core/Src/main.c.obj
LOAD CMakeFiles/STM32F446.dir/Core/Src/stm32f4xx_it.c.obj
LOAD CMakeFiles/STM32F446.dir/Core/Src/stm32f4xx_hal_msp.c.obj
LOAD CMakeFiles/STM32F446.dir/Core/Src/sysmem.c.obj
LOAD CMakeFiles/STM32F446.dir/Core/Src/syscalls.c.obj
LOAD CMakeFiles/STM32F446.dir/startup_stm32f446xx.s.obj
LOAD CMakeFiles/STM32F446.dir/Core/Src/modbusSlave.c.obj
LOAD CMakeFiles/STM32F446.dir/Core/Src/modbus_crc.c.obj
LOAD cmake/stm32cubemx/CMakeFiles/STM32_Drivers.dir/__/__/Core/Src/system_stm32f4xx.c.obj
LOAD cmake/stm32cubemx/CMakeFiles/STM32_Drivers.dir/__/__/Drivers/STM32F4xx_HAL_Driver/Src/stm32f4xx_hal_rcc.c.obj
LOAD cmake/stm32cubemx/CMakeFiles/STM32_Drivers.dir/__/__/Drivers/STM32F4xx_HAL_Driver/Src/stm32f4xx_hal_rcc_ex.c.obj
LOAD cmake/stm32cubemx/CMakeFiles/STM32_Drivers.dir/__/__/Drivers/STM32F4xx_HAL_Driver/Src/stm32f4xx_hal_flash.c.obj
LOAD cmake/stm32cubemx/CMakeFiles/STM32_Drivers.dir/__/__/Drivers/STM32F4xx_HAL_Driver/Src/stm32f4xx_hal_flash_ex.c.obj
LOAD cmake/stm32cubemx/CMakeFiles/STM32_Drivers.dir/__/__/Drivers/STM32F4xx_HAL_Driver/Src/stm32f4xx_hal_flash_ramfunc.c.obj
LOAD cmake/stm32cubemx/CMakeFiles/STM32_Drivers.dir/__/__/Drivers/STM32F4xx_HAL_Driver/Src/stm32f4xx_hal_gpio.c.obj
LOAD cmake/stm32cubemx/CMakeFiles/STM32_Drivers.dir/__/__/Drivers/STM32F4xx_HAL_Driver/Src/stm32f4xx_hal_dma_ex.c.obj
LOAD cmake/stm32cubemx/CMakeFiles/STM32_Drivers.dir/__/__/Drivers/STM32F4xx_HAL_Driver/Src/stm32f4xx_hal_dma.c.obj
LOAD cmake/stm32cubemx/CMakeFiles/STM32_Drivers.dir/__/__/Drivers/STM32F4xx_HAL_Driver/Src/stm32f4xx_hal_pwr.c.obj
LOAD cmake/stm32cubemx/CMakeFiles/STM32_Drivers.dir/__/__/Drivers/STM32F4xx_HAL_Driver/Src/stm32f4xx_hal_pwr_ex.c.obj
LOAD cmake/stm32cubemx/CMakeFiles/STM32_Drivers.dir/__/__/Drivers/STM32F4xx_HAL_Driver/Src/stm32f4xx_hal_cortex.c.obj
LOAD cmake/stm32cubemx/CMakeFiles/STM32_Drivers.dir/__/__/Drivers/STM32F4xx_HAL_Driver/Src/stm32f4xx_hal.c.obj
LOAD cmake/stm32cubemx/CMakeFiles/STM32_Drivers.dir/__/__/Drivers/STM32F4xx_HAL_Driver/Src/stm32f4xx_hal_exti.c.obj
START GROUP
LOAD /home/svs/.local/share/stm32cube/bundles/gnu-tools-for-stm32/14.3.1+st.2/bin/../lib/gcc/arm-none-eabi/14.3.1/thumb/v7e-m+fp/hard/libgcc.a
LOAD /home/svs/.local/share/stm32cube/bundles/gnu-tools-for-stm32/14.3.1+st.2/bin/../lib/gcc/arm-none-eabi/14.3.1/../../../../arm-none-eabi/lib/thumb/v7e-m+fp/hard/libg_nano.a
LOAD /home/svs/.local/share/stm32cube/bundles/gnu-tools-for-stm32/14.3.1+st.2/bin/../lib/gcc/arm-none-eabi/14.3.1/../../../../arm-none-eabi/lib/thumb/v7e-m+fp/hard/libc_nano.a
END GROUP
START GROUP
LOAD /home/svs/.local/share/stm32cube/bundles/gnu-tools-for-stm32/14.3.1+st.2/bin/../lib/gcc/arm-none-eabi/14.3.1/thumb/v7e-m+fp/hard/libgcc.a
LOAD /home/svs/.local/share/stm32cube/bundles/gnu-tools-for-stm32/14.3.1+st.2/bin/../lib/gcc/arm-none-eabi/14.3.1/../../../../arm-none-eabi/lib/thumb/v7e-m+fp/hard/libc_nano.a
END GROUP
LOAD /home/svs/.local/share/stm32cube/bundles/gnu-tools-for-stm32/14.3.1+st.2/bin/../lib/gcc/arm-none-eabi/14.3.1/thumb/v7e-m+fp/hard/crtend.o
LOAD /home/svs/.local/share/stm32cube/bundles/gnu-tools-for-stm32/14.3.1+st.2/bin/../lib/gcc/arm-none-eabi/14.3.1/thumb/v7e-m+fp/hard/crtn.o
                0x20020000                        _estack = (ORIGIN (RAM) + LENGTH (RAM))
                0x00000200                        _Min_Heap_Size = 0x200
                0x00000400                        _Min_Stack_Size = 0x400

.isr_vector     0x08000000      0x1c4
                0x08000000                        . = ALIGN (0x4)
 *(.isr_vector)
 .isr_vector    0x08000000      0x1c4 CMakeFiles/STM32F446.dir/startup_stm32f446xx.s.obj
                0x08000000                g_pfnVectors
                0x080001c4                        . = ALIGN (0x4)

.text           0x080001c4     0x3748
                0x080001c4                        . = ALIGN (0x4)
 *(.text)
 .text          0x080001c4       0x40 /home/svs/.local/share/stm32cube/bundles/gnu-tools-for-stm32/14.3.1+st.2/bin/../lib/gcc/arm-none-eabi/14.3.1/thumb/v7e-m+fp/hard/crtbegin.o
 .text          0x08000204       0x30 /home/svs/.local/share/stm32cube/bundles/gnu-tools-for-stm32/14.3.1+st.2/bin/../lib/gcc/arm-none-eabi/14.3.1/thumb/v7e-m+fp/hard/libgcc.a(_aeabi_uldivmod.o)
                0x08000204                __aeabi_uldivmod
 .text          0x08000234      0x2f8 /home/svs/.local/share/stm32cube/bundles/gnu-tools-for-stm32/14.3.1+st.2/bin/../lib/gcc/arm-none-eabi/14.3.1/thumb/v7e-m+fp/hard/libgcc.a(_udivmoddi4.o)
                0x08000234                __udivmoddi4
 .text          0x0800052c        0x4 /home/svs/.local/share/stm32cube/bundles/gnu-tools-for-stm32/14.3.1+st.2/bin/../lib/gcc/arm-none-eabi/14.3.1/thumb/v7e-m+fp/hard/libgcc.a(_dvmd_tls.o)
                0x0800052c                __aeabi_ldiv0
                0x0800052c                __aeabi_idiv0
 *(.text*)
 .text.memset   0x08000530       0x10 /home/svs/.local/share/stm32cube/bundles/gnu-tools-for-stm32/14.3.1+st.2/bin/../lib/gcc/arm-none-eabi/14.3.1/../../../../arm-none-eabi/lib/thumb/v7e-m+fp/hard/libc_nano.a(libc_a-memset.o)
                0x08000530                memset
 .text.__libc_init_array
                0x08000540       0x48 /home/svs/.local/share/stm32cube/bundles/gnu-tools-for-stm32/14.3.1+st.2/bin/../lib/gcc/arm-none-eabi/14.3.1/../../../../arm-none-eabi/lib/thumb/v7e-m+fp/hard/libc_nano.a(libc_a-init.o)
                0x08000540                __libc_init_array
 .text.__NVIC_EnableIRQ
                0x08000588       0x3c CMakeFiles/STM32F446.dir/Core/Src/main.c.obj
 .text.__NVIC_SetPriority
                0x080005c4       0x54 CMakeFiles/STM32F446.dir/Core/Src/main.c.obj
 .text.main     0x08000618      0x3d4 CMakeFiles/STM32F446.dir/Core/Src/main.c.obj
                0x08000618                main
 .text.SystemClock_Config
                0x080009ec       0xe4 CMakeFiles/STM32F446.dir/Core/Src/main.c.obj
                0x080009ec                SystemClock_Config
 .text.MX_GPIO_Init
                0x08000ad0      0x380 CMakeFiles/STM32F446.dir/Core/Src/main.c.obj
 .text.DMA_Init
                0x08000e50       0xbc CMakeFiles/STM32F446.dir/Core/Src/main.c.obj
                0x08000e50                DMA_Init
 .text.DAC_Init
                0x08000f0c       0x30 CMakeFiles/STM32F446.dir/Core/Src/main.c.obj
                0x08000f0c                DAC_Init
 .text.DAC_SetVoltage
                0x08000f3c       0x40 CMakeFiles/STM32F446.dir/Core/Src/main.c.obj
                0x08000f3c                DAC_SetVoltage
 .text.ADC_Init
                0x08000f7c       0x4c CMakeFiles/STM32F446.dir/Core/Src/main.c.obj
                0x08000f7c                ADC_Init
 .text.ADC_ReadChannel
                0x08000fc8       0x48 CMakeFiles/STM32F446.dir/Core/Src/main.c.obj
                0x08000fc8                ADC_ReadChannel
 .text.MeasureVref
                0x08001010       0x50 CMakeFiles/STM32F446.dir/Core/Src/main.c.obj
                0x08001010                MeasureVref
 .text.UART_Init
                0x08001060       0x90 CMakeFiles/STM32F446.dir/Core/Src/main.c.obj
                0x08001060                UART_Init
 .text.MODBUS_Timer_Init
                0x080010f0       0xa0 CMakeFiles/STM32F446.dir/Core/Src/main.c.obj
                0x080010f0                MODBUS_Timer_Init
 .text.TIM6_Init
                0x08001190       0x88 CMakeFiles/STM32F446.dir/Core/Src/main.c.obj
                0x08001190                TIM6_Init
 .text.UART5_Transmit_DMA_Blocking
                0x08001218       0x84 CMakeFiles/STM32F446.dir/Core/Src/main.c.obj
                0x08001218                UART5_Transmit_DMA_Blocking
 .text.UART4_Transmit_DMA_Blocking
                0x0800129c       0x84 CMakeFiles/STM32F446.dir/Core/Src/main.c.obj
                0x0800129c                UART4_Transmit_DMA_Blocking
 .text.Calibration
                0x08001320      0x18c CMakeFiles/STM32F446.dir/Core/Src/main.c.obj
                0x08001320                Calibration
 .text.Set_I    0x080014ac       0x54 CMakeFiles/STM32F446.dir/Core/Src/main.c.obj
                0x080014ac                Set_I
 .text.StopChange_I
                0x08001500       0x38 CMakeFiles/STM32F446.dir/Core/Src/main.c.obj
                0x08001500                StopChange_I
 .text.Change_I
                0x08001538      0x160 CMakeFiles/STM32F446.dir/Core/Src/main.c.obj
                0x08001538                Change_I
 .text.Get_c_a_by_I
                0x08001698       0xb4 CMakeFiles/STM32F446.dir/Core/Src/main.c.obj
                0x08001698                Get_c_a_by_I
 .text.Get_c_b_by_U_mes
                0x0800174c       0xb4 CMakeFiles/STM32F446.dir/Core/Src/main.c.obj
                0x0800174c                Get_c_b_by_U_mes
 .text.Calculate_I_from_U
                0x08001800       0x2a CMakeFiles/STM32F446.dir/Core/Src/main.c.obj
                0x08001800                Calculate_I_from_U
 *fill*         0x0800182a        0x2 
 .text.Update_Input_States
                0x0800182c       0xb0 CMakeFiles/STM32F446.dir/Core/Src/main.c.obj
                0x0800182c                Update_Input_States
 .text.SetOperatingMode
                0x080018dc       0x54 CMakeFiles/STM32F446.dir/Core/Src/main.c.obj
                0x080018dc                SetOperatingMode
 .text.SetStandbyMode
                0x08001930       0x54 CMakeFiles/STM32F446.dir/Core/Src/main.c.obj
                0x08001930                SetStandbyMode
 .text.SetCalibrationMode
                0x08001984       0x9c CMakeFiles/STM32F446.dir/Core/Src/main.c.obj
                0x08001984                SetCalibrationMode
 .text.Coils_ApplyToPins
                0x08001a20       0x58 CMakeFiles/STM32F446.dir/Core/Src/main.c.obj
                0x08001a20                Coils_ApplyToPins
 .text.Error_Handler
                0x08001a78        0xc CMakeFiles/STM32F446.dir/Core/Src/main.c.obj
                0x08001a78                Error_Handler
 .text.NMI_Handler
                0x08001a84        0x8 CMakeFiles/STM32F446.dir/Core/Src/stm32f4xx_it.c.obj
                0x08001a84                NMI_Handler
 .text.HardFault_Handler
                0x08001a8c        0x8 CMakeFiles/STM32F446.dir/Core/Src/stm32f4xx_it.c.obj
                0x08001a8c                HardFault_Handler
 .text.MemManage_Handler
                0x08001a94        0x8 CMakeFiles/STM32F446.dir/Core/Src/stm32f4xx_it.c.obj
                0x08001a94                MemManage_Handler
 .text.BusFault_Handler
                0x08001a9c        0x8 CMakeFiles/STM32F446.dir/Core/Src/stm32f4xx_it.c.obj
                0x08001a9c                BusFault_Handler
 .text.UsageFault_Handler
                0x08001aa4        0x8 CMakeFiles/STM32F446.dir/Core/Src/stm32f4xx_it.c.obj
                0x08001aa4                UsageFault_Handler
 .text.SVC_Handler
                0x08001aac        0xe CMakeFiles/STM32F446.dir/Core/Src/stm32f4xx_it.c.obj
                0x08001aac                SVC_Handler
 .text.DebugMon_Handler
                0x08001aba        0xe CMakeFiles/STM32F446.dir/Core/Src/stm32f4xx_it.c.obj
                0x08001aba                DebugMon_Handler
 .text.PendSV_Handler
                0x08001ac8        0xe CMakeFiles/STM32F446.dir/Core/Src/stm32f4xx_it.c.obj
                0x08001ac8                PendSV_Handler
 .text.SysTick_Handler
                0x08001ad6        0xc CMakeFiles/STM32F446.dir/Core/Src/stm32f4xx_it.c.obj
                0x08001ad6                SysTick_Handler
 *fill*         0x08001ae2        0x2 
 .text.UART5_IRQHandler
                0x08001ae4       0x6c CMakeFiles/STM32F446.dir/Core/Src/stm32f4xx_it.c.obj
                0x08001ae4                UART5_IRQHandler
 .text.UART4_IRQHandler
                0x08001b50       0xcc CMakeFiles/STM32F446.dir/Core/Src/stm32f4xx_it.c.obj
                0x08001b50                UART4_IRQHandler
 .text.TIM3_IRQHandler
                0x08001c1c       0xc8 CMakeFiles/STM32F446.dir/Core/Src/stm32f4xx_it.c.obj
                0x08001c1c                TIM3_IRQHandler
 .text.EXTI15_10_IRQHandler
                0x08001ce4       0x28 CMakeFiles/STM32F446.dir/Core/Src/stm32f4xx_it.c.obj
                0x08001ce4                EXTI15_10_IRQHandler
 .text.EXTI3_IRQHandler
                0x08001d0c       0x68 CMakeFiles/STM32F446.dir/Core/Src/stm32f4xx_it.c.obj
                0x08001d0c                EXTI3_IRQHandler
 .text.TIM6_DAC_IRQHandler
                0x08001d74       0x28 CMakeFiles/STM32F446.dir/Core/Src/stm32f4xx_it.c.obj
                0x08001d74                TIM6_DAC_IRQHandler
 .text.DMA1_Stream7_IRQHandler
                0x08001d9c       0x34 CMakeFiles/STM32F446.dir/Core/Src/stm32f4xx_it.c.obj
                0x08001d9c                DMA1_Stream7_IRQHandler
 .text.DMA1_Stream4_IRQHandler
                0x08001dd0       0x34 CMakeFiles/STM32F446.dir/Core/Src/stm32f4xx_it.c.obj
                0x08001dd0                DMA1_Stream4_IRQHandler
 .text.HAL_MspInit
                0x08001e04       0x50 CMakeFiles/STM32F446.dir/Core/Src/stm32f4xx_hal_msp.c.obj
                0x08001e04                HAL_MspInit
 .text.Reset_Handler
                0x08001e54       0x50 CMakeFiles/STM32F446.dir/startup_stm32f446xx.s.obj
                0x08001e54                Reset_Handler
 .text.Default_Handler
                0x08001ea4        0x2 CMakeFiles/STM32F446.dir/startup_stm32f446xx.s.obj
                0x08001ea4                RTC_Alarm_IRQHandler
                0x08001ea4                EXTI2_IRQHandler
                0x08001ea4                TIM8_CC_IRQHandler
                0x08001ea4                FMPI2C1_EV_IRQHandler
                0x08001ea4                SPI4_IRQHandler
                0x08001ea4                TIM1_CC_IRQHandler
                0x08001ea4                DMA2_Stream5_IRQHandler
                0x08001ea4                DMA1_Stream5_IRQHandler
                0x08001ea4                PVD_IRQHandler
                0x08001ea4                SDIO_IRQHandler
                0x08001ea4                TAMP_STAMP_IRQHandler
                0x08001ea4                CAN2_RX1_IRQHandler
                0x08001ea4                TIM8_TRG_COM_TIM14_IRQHandler
                0x08001ea4                TIM1_UP_TIM10_IRQHandler
                0x08001ea4                TIM8_UP_TIM13_IRQHandler
                0x08001ea4                I2C3_ER_IRQHandler
                0x08001ea4                EXTI0_IRQHandler
                0x08001ea4                I2C2_EV_IRQHandler
                0x08001ea4                DMA1_Stream2_IRQHandler
                0x08001ea4                CAN1_RX0_IRQHandler
                0x08001ea4                FPU_IRQHandler
                0x08001ea4                OTG_HS_WKUP_IRQHandler
                0x08001ea4                CAN2_SCE_IRQHandler
                0x08001ea4                DMA2_Stream2_IRQHandler
                0x08001ea4                SPI1_IRQHandler
                0x08001ea4                TIM1_BRK_TIM9_IRQHandler
                0x08001ea4                DCMI_IRQHandler
                0x08001ea4                CAN2_RX0_IRQHandler
                0x08001ea4                DMA2_Stream3_IRQHandler
                0x08001ea4                SAI2_IRQHandler
                0x08001ea4                USART6_IRQHandler
                0x08001ea4                USART3_IRQHandler
                0x08001ea4                CAN1_RX1_IRQHandler
                0x08001ea4                DMA2_Stream0_IRQHandler
                0x08001ea4                TIM4_IRQHandler
                0x08001ea4                QUADSPI_IRQHandler
                0x08001ea4                I2C1_EV_IRQHandler
                0x08001ea4                DMA1_Stream6_IRQHandler
                0x08001ea4                DMA1_Stream1_IRQHandler
                0x08001ea4                RCC_IRQHandler
                0x08001ea4                TIM8_BRK_TIM12_IRQHandler
                0x08001ea4                Default_Handler
                0x08001ea4                CEC_IRQHandler
                0x08001ea4                ADC_IRQHandler
                0x08001ea4                TIM7_IRQHandler
                0x08001ea4                CAN2_TX_IRQHandler
                0x08001ea4                TIM5_IRQHandler
                0x08001ea4                DMA2_Stream7_IRQHandler
                0x08001ea4                I2C3_EV_IRQHandler
                0x08001ea4                EXTI9_5_IRQHandler
                0x08001ea4                RTC_WKUP_IRQHandler
                0x08001ea4                SPDIF_RX_IRQHandler
                0x08001ea4                SPI2_IRQHandler
                0x08001ea4                OTG_HS_EP1_IN_IRQHandler
                0x08001ea4                DMA1_Stream0_IRQHandler
                0x08001ea4                CAN1_TX_IRQHandler
                0x08001ea4                FMPI2C1_ER_IRQHandler
                0x08001ea4                EXTI4_IRQHandler
                0x08001ea4                OTG_HS_EP1_OUT_IRQHandler
                0x08001ea4                WWDG_IRQHandler
                0x08001ea4                TIM2_IRQHandler
                0x08001ea4                OTG_FS_WKUP_IRQHandler
                0x08001ea4                TIM1_TRG_COM_TIM11_IRQHandler
                0x08001ea4                OTG_HS_IRQHandler
                0x08001ea4                EXTI1_IRQHandler
                0x08001ea4                USART2_IRQHandler
                0x08001ea4                I2C2_ER_IRQHandler
                0x08001ea4                DMA2_Stream1_IRQHandler
                0x08001ea4                CAN1_SCE_IRQHandler
                0x08001ea4                FLASH_IRQHandler
                0x08001ea4                DMA2_Stream4_IRQHandler
                0x08001ea4                USART1_IRQHandler
                0x08001ea4                OTG_FS_IRQHandler
                0x08001ea4                SPI3_IRQHandler
                0x08001ea4                I2C1_ER_IRQHandler
                0x08001ea4                FMC_IRQHandler
                0x08001ea4                DMA2_Stream6_IRQHandler
                0x08001ea4                SAI1_IRQHandler
                0x08001ea4                DMA1_Stream3_IRQHandler
 *fill*         0x08001ea6        0x2 
 .text.sendData
                0x08001ea8       0x58 CMakeFiles/STM32F446.dir/Core/Src/modbusSlave.c.obj
                0x08001ea8                sendData
 .text.modbusException
                0x08001f00       0x54 CMakeFiles/STM32F446.dir/Core/Src/modbusSlave.c.obj
                0x08001f00                modbusException
 .text.readHoldingRegs
                0x08001f54      0x118 CMakeFiles/STM32F446.dir/Core/Src/modbusSlave.c.obj
                0x08001f54                readHoldingRegs
 .text.readInputRegs
                0x0800206c      0x118 CMakeFiles/STM32F446.dir/Core/Src/modbusSlave.c.obj
                0x0800206c                readInputRegs
 .text.readCoils
                0x08002184      0x18c CMakeFiles/STM32F446.dir/Core/Src/modbusSlave.c.obj
                0x08002184                readCoils
 .text.readInputs
                0x08002310      0x1a8 CMakeFiles/STM32F446.dir/Core/Src/modbusSlave.c.obj
                0x08002310                readInputs
 .text.writeHoldingRegs
                0x080024b8      0x13c CMakeFiles/STM32F446.dir/Core/Src/modbusSlave.c.obj
                0x080024b8                writeHoldingRegs
 .text.writeSingleReg
                0x080025f4      0x10c CMakeFiles/STM32F446.dir/Core/Src/modbusSlave.c.obj
                0x080025f4                writeSingleReg
 .text.writeSingleCoil
                0x08002700      0x190 CMakeFiles/STM32F446.dir/Core/Src/modbusSlave.c.obj
                0x08002700                writeSingleCoil
 .text.writeMultiCoils
                0x08002890      0x228 CMakeFiles/STM32F446.dir/Core/Src/modbusSlave.c.obj
                0x08002890                writeMultiCoils
 .text.crc16    0x08002ab8       0x70 CMakeFiles/STM32F446.dir/Core/Src/modbus_crc.c.obj
                0x08002ab8                crc16
 .text.SystemInit
                0x08002b28       0x24 cmake/stm32cubemx/CMakeFiles/STM32_Drivers.dir/__/__/Core/Src/system_stm32f4xx.c.obj
                0x08002b28                SystemInit
 .text.HAL_RCC_ClockConfig
                0x08002b4c      0x1cc cmake/stm32cubemx/CMakeFiles/STM32_Drivers.dir/__/__/Drivers/STM32F4xx_HAL_Driver/Src/stm32f4xx_hal_rcc.c.obj
                0x08002b4c                HAL_RCC_ClockConfig
 .text.HAL_RCC_GetSysClockFreq
                0x08002d18      0x350 cmake/stm32cubemx/CMakeFiles/STM32_Drivers.dir/__/__/Drivers/STM32F4xx_HAL_Driver/Src/stm32f4xx_hal_rcc_ex.c.obj
                0x08002d18                HAL_RCC_GetSysClockFreq
 .text.HAL_RCC_OscConfig
                0x08003068      0x53c cmake/stm32cubemx/CMakeFiles/STM32_Drivers.dir/__/__/Drivers/STM32F4xx_HAL_Driver/Src/stm32f4xx_hal_rcc_ex.c.obj
                0x08003068                HAL_RCC_OscConfig
 .text.HAL_PWREx_EnableOverDrive
                0x080035a4       0xa0 cmake/stm32cubemx/CMakeFiles/STM32_Drivers.dir/__/__/Drivers/STM32F4xx_HAL_Driver/Src/stm32f4xx_hal_pwr_ex.c.obj
                0x080035a4                HAL_PWREx_EnableOverDrive
 .text.__NVIC_SetPriorityGrouping
                0x08003644       0x48 cmake/stm32cubemx/CMakeFiles/STM32_Drivers.dir/__/__/Drivers/STM32F4xx_HAL_Driver/Src/stm32f4xx_hal_cortex.c.obj
 .text.__NVIC_GetPriorityGrouping
                0x0800368c       0x1c cmake/stm32cubemx/CMakeFiles/STM32_Drivers.dir/__/__/Drivers/STM32F4xx_HAL_Driver/Src/stm32f4xx_hal_cortex.c.obj
 .text.__NVIC_SetPriority
                0x080036a8       0x54 cmake/stm32cubemx/CMakeFiles/STM32_Drivers.dir/__/__/Drivers/STM32F4xx_HAL_Driver/Src/stm32f4xx_hal_cortex.c.obj
 .text.NVIC_EncodePriority
                0x080036fc       0x66 cmake/stm32cubemx/CMakeFiles/STM32_Drivers.dir/__/__/Drivers/STM32F4xx_HAL_Driver/Src/stm32f4xx_hal_cortex.c.obj
 *fill*         0x08003762        0x2 
 .text.SysTick_Config
                0x08003764       0x44 cmake/stm32cubemx/CMakeFiles/STM32_Drivers.dir/__/__/Drivers/STM32F4xx_HAL_Driver/Src/stm32f4xx_hal_cortex.c.obj
 .text.HAL_NVIC_SetPriorityGrouping
                0x080037a8       0x16 cmake/stm32cubemx/CMakeFiles/STM32_Drivers.dir/__/__/Drivers/STM32F4xx_HAL_Driver/Src/stm32f4xx_hal_cortex.c.obj
                0x080037a8                HAL_NVIC_SetPriorityGrouping
 .text.HAL_NVIC_SetPriority
                0x080037be       0x38 cmake/stm32cubemx/CMakeFiles/STM32_Drivers.dir/__/__/Drivers/STM32F4xx_HAL_Driver/Src/stm32f4xx_hal_cortex.c.obj
                0x080037be                HAL_NVIC_SetPriority
 .text.HAL_SYSTICK_Config
                0x080037f6       0x18 cmake/stm32cubemx/CMakeFiles/STM32_Drivers.dir/__/__/Drivers/STM32F4xx_HAL_Driver/Src/stm32f4xx_hal_cortex.c.obj
                0x080037f6                HAL_SYSTICK_Config
 *fill*         0x0800380e        0x2 
 .text.HAL_Init
                0x08003810       0x44 cmake/stm32cubemx/CMakeFiles/STM32_Drivers.dir/__/__/Drivers/STM32F4xx_HAL_Driver/Src/stm32f4xx_hal.c.obj
                0x08003810                HAL_Init
 .text.HAL_InitTick
                0x08003854       0x60 cmake/stm32cubemx/CMakeFiles/STM32_Drivers.dir/__/__/Drivers/STM32F4xx_HAL_Driver/Src/stm32f4xx_hal.c.obj
                0x08003854                HAL_InitTick
 .text.HAL_IncTick
                0x080038b4       0x28 cmake/stm32cubemx/CMakeFiles/STM32_Drivers.dir/__/__/Drivers/STM32F4xx_HAL_Driver/Src/stm32f4xx_hal.c.obj
                0x080038b4                HAL_IncTick
 .text.HAL_GetTick
                0x080038dc       0x18 cmake/stm32cubemx/CMakeFiles/STM32_Drivers.dir/__/__/Drivers/STM32F4xx_HAL_Driver/Src/stm32f4xx_hal.c.obj
                0x080038dc                HAL_GetTick
 *(.glue_7)
 .glue_7        0x080038f4        0x0 linker stubs
 *(.glue_7t)
 .glue_7t       0x080038f4        0x0 linker stubs
 *(.eh_frame)
 .eh_frame      0x080038f4        0x0 /home/svs/.local/share/stm32cube/bundles/gnu-tools-for-stm32/14.3.1+st.2/bin/../lib/gcc/arm-none-eabi/14.3.1/thumb/v7e-m+fp/hard/crtbegin.o
 *(.init)
 .init          0x080038f4        0x4 /home/svs/.local/share/stm32cube/bundles/gnu-tools-for-stm32/14.3.1+st.2/bin/../lib/gcc/arm-none-eabi/14.3.1/thumb/v7e-m+fp/hard/crti.o
                0x080038f4                _init
 .init          0x080038f8        0x8 /home/svs/.local/share/stm32cube/bundles/gnu-tools-for-stm32/14.3.1+st.2/bin/../lib/gcc/arm-none-eabi/14.3.1/thumb/v7e-m+fp/hard/crtn.o
 *(.fini)
 .fini          0x08003900        0x4 /home/svs/.local/share/stm32cube/bundles/gnu-tools-for-stm32/14.3.1+st.2/bin/../lib/gcc/arm-none-eabi/14.3.1/thumb/v7e-m+fp/hard/crti.o
                0x08003900                _fini
 .fini          0x08003904        0x8 /home/svs/.local/share/stm32cube/bundles/gnu-tools-for-stm32/14.3.1+st.2/bin/../lib/gcc/arm-none-eabi/14.3.1/thumb/v7e-m+fp/hard/crtn.o
                0x0800390c                        . = ALIGN (0x4)
                0x0800390c                        _etext = .

.vfp11_veneer   0x0800390c        0x0
 .vfp11_veneer  0x0800390c        0x0 linker stubs

.v4_bx          0x0800390c        0x0
 .v4_bx         0x0800390c        0x0 linker stubs

.iplt           0x0800390c        0x0
 .iplt          0x0800390c        0x0 /home/svs/.local/share/stm32cube/bundles/gnu-tools-for-stm32/14.3.1+st.2/bin/../lib/gcc/arm-none-eabi/14.3.1/thumb/v7e-m+fp/hard/crtbegin.o

.rodata         0x0800390c      0x210
                0x0800390c                        . = ALIGN (0x4)
 *(.rodata)
 *(.rodata*)
 .rodata.table_crc_hi
                0x0800390c      0x100 CMakeFiles/STM32F446.dir/Core/Src/modbus_crc.c.obj
 .rodata.table_crc_lo
                0x08003a0c      0x100 CMakeFiles/STM32F446.dir/Core/Src/modbus_crc.c.obj
 .rodata.AHBPrescTable
                0x08003b0c       0x10 cmake/stm32cubemx/CMakeFiles/STM32_Drivers.dir/__/__/Core/Src/system_stm32f4xx.c.obj
                0x08003b0c                AHBPrescTable
                0x08003b1c                        . = ALIGN (0x4)

.ARM.extab      0x08003b1c        0x0
                0x08003b1c                        . = ALIGN (0x4)
 *(.ARM.extab* .gnu.linkonce.armextab.*)
                0x08003b1c                        . = ALIGN (0x4)

.ARM            0x08003b1c        0x8
                0x08003b1c                        . = ALIGN (0x4)
                0x08003b1c                        __exidx_start = .
 *(.ARM.exidx*)
 .ARM.exidx     0x08003b1c        0x8 /home/svs/.local/share/stm32cube/bundles/gnu-tools-for-stm32/14.3.1+st.2/bin/../lib/gcc/arm-none-eabi/14.3.1/thumb/v7e-m+fp/hard/libgcc.a(_udivmoddi4.o)
                0x08003b24                        __exidx_end = .
                0x08003b24                        . = ALIGN (0x4)

.preinit_array  0x08003b24        0x0
                0x08003b24                        . = ALIGN (0x4)
                0x08003b24                        PROVIDE (__preinit_array_start = .)
 *(.preinit_array*)
                0x08003b24                        PROVIDE (__preinit_array_end = .)
                0x08003b24                        . = ALIGN (0x4)

.init_array     0x08003b24        0x4
                0x08003b24                        . = ALIGN (0x4)
                0x08003b24                        PROVIDE (__init_array_start = .)
 *(SORT_BY_NAME(.init_array.*))
 *(.init_array*)
 .init_array    0x08003b24        0x4 /home/svs/.local/share/stm32cube/bundles/gnu-tools-for-stm32/14.3.1+st.2/bin/../lib/gcc/arm-none-eabi/14.3.1/thumb/v7e-m+fp/hard/crtbegin.o
                0x08003b28                        PROVIDE (__init_array_end = .)
                0x08003b28                        . = ALIGN (0x4)

.fini_array     0x08003b28        0x4
                0x08003b28                        . = ALIGN (0x4)
                [!provide]                        PROVIDE (__fini_array_start = .)
 *(SORT_BY_NAME(.fini_array.*))
 *(.fini_array*)
 .fini_array    0x08003b28        0x4 /home/svs/.local/share/stm32cube/bundles/gnu-tools-for-stm32/14.3.1+st.2/bin/../lib/gcc/arm-none-eabi/14.3.1/thumb/v7e-m+fp/hard/crtbegin.o
                [!provide]                        PROVIDE (__fini_array_end = .)
                0x08003b2c                        . = ALIGN (0x4)
                0x08003b2c                        _sidata = LOADADDR (.data)

.rel.dyn        0x08003b2c        0x0
 .rel.iplt      0x08003b2c        0x0 /home/svs/.local/share/stm32cube/bundles/gnu-tools-for-stm32/14.3.1+st.2/bin/../lib/gcc/arm-none-eabi/14.3.1/thumb/v7e-m+fp/hard/crtbegin.o

.data           0x20000000        0xc load address 0x08003b2c
                0x20000000                        . = ALIGN (0x4)
                0x20000000                        _sdata = .
 *(.data)
 *(.data*)
 .data.SystemCoreClock
                0x20000000        0x4 cmake/stm32cubemx/CMakeFiles/STM32_Drivers.dir/__/__/Core/Src/system_stm32f4xx.c.obj
                0x20000000                SystemCoreClock
 .data.uwTickPrio
                0x20000004        0x4 cmake/stm32cubemx/CMakeFiles/STM32_Drivers.dir/__/__/Drivers/STM32F4xx_HAL_Driver/Src/stm32f4xx_hal.c.obj
                0x20000004                uwTickPrio
 .data.uwTickFreq
                0x20000008        0x1 cmake/stm32cubemx/CMakeFiles/STM32_Drivers.dir/__/__/Drivers/STM32F4xx_HAL_Driver/Src/stm32f4xx_hal.c.obj
                0x20000008                uwTickFreq
 *(.RamFunc)
 *(.RamFunc*)
                0x2000000c                        . = ALIGN (0x4)
 *fill*         0x20000009        0x3 
                0x2000000c                        _edata = .

.igot.plt       0x2000000c        0x0 load address 0x08003b38
 .igot.plt      0x2000000c        0x0 /home/svs/.local/share/stm32cube/bundles/gnu-tools-for-stm32/14.3.1+st.2/bin/../lib/gcc/arm-none-eabi/14.3.1/thumb/v7e-m+fp/hard/crtbegin.o
                0x2000000c                        . = ALIGN (0x4)

.bss            0x2000000c      0x4d0 load address 0x08003b38
                0x2000000c                        _sbss = .
                0x2000000c                        __bss_start__ = _sbss
 *(.bss)
 .bss           0x2000000c       0x1c /home/svs/.local/share/stm32cube/bundles/gnu-tools-for-stm32/14.3.1+st.2/bin/../lib/gcc/arm-none-eabi/14.3.1/thumb/v7e-m+fp/hard/crtbegin.o
 *(.bss*)
 .bss.vdda      0x20000028        0x2 CMakeFiles/STM32F446.dir/Core/Src/main.c.obj
                0x20000028                vdda
 *fill*         0x2000002a        0x2 
 .bss.RxBufferUART5
                0x2000002c      0x100 CMakeFiles/STM32F446.dir/Core/Src/main.c.obj
                0x2000002c                RxBufferUART5
 .bss.TxBufferUART5
                0x2000012c      0x100 CMakeFiles/STM32F446.dir/Core/Src/main.c.obj
                0x2000012c                TxBufferUART5
 .bss.SizeRxBuf
                0x2000022c        0x2 CMakeFiles/STM32F446.dir/Core/Src/main.c.obj
                0x2000022c                SizeRxBuf
 .bss.uart5_event_data_ready
                0x2000022e        0x1 CMakeFiles/STM32F446.dir/Core/Src/main.c.obj
                0x2000022e                uart5_event_data_ready
 .bss.uart4_event_data_ready
                0x2000022f        0x1 CMakeFiles/STM32F446.dir/Core/Src/main.c.obj
                0x2000022f                uart4_event_data_ready
 .bss.uart5_tx_dma_busy
                0x20000230        0x1 CMakeFiles/STM32F446.dir/Core/Src/main.c.obj
                0x20000230                uart5_tx_dma_busy
 .bss.uart4_tx_dma_busy
                0x20000231        0x1 CMakeFiles/STM32F446.dir/Core/Src/main.c.obj
                0x20000231                uart4_tx_dma_busy
 .bss.modbus_state
                0x20000232        0x1 CMakeFiles/STM32F446.dir/Core/Src/main.c.obj
                0x20000232                modbus_state
 *fill*         0x20000233        0x1 
 .bss.SizeRxBufUART4
                0x20000234        0x2 CMakeFiles/STM32F446.dir/Core/Src/main.c.obj
                0x20000234                SizeRxBufUART4
 *fill*         0x20000236        0x2 
 .bss.RxBufferUART4
                0x20000238      0x100 CMakeFiles/STM32F446.dir/Core/Src/main.c.obj
                0x20000238                RxBufferUART4
 .bss.TxBufferUART4
                0x20000338      0x100 CMakeFiles/STM32F446.dir/Core/Src/main.c.obj
                0x20000338                TxBufferUART4
 .bss.c_a       0x20000438       0x14 CMakeFiles/STM32F446.dir/Core/Src/main.c.obj
                0x20000438                c_a
 .bss.c_b       0x2000044c       0x14 CMakeFiles/STM32F446.dir/Core/Src/main.c.obj
                0x2000044c                c_b
 .bss.c_index   0x20000460        0x2 CMakeFiles/STM32F446.dir/Core/Src/main.c.obj
                0x20000460                c_index
 .bss.i_set_cur
                0x20000462        0x2 CMakeFiles/STM32F446.dir/Core/Src/main.c.obj
                0x20000462                i_set_cur
 .bss.last_tick
                0x20000464        0x4 CMakeFiles/STM32F446.dir/Core/Src/main.c.obj
                0x20000464                last_tick
 .bss.modbus_t1_5_timeout
                0x20000468        0x1 CMakeFiles/STM32F446.dir/Core/Src/stm32f4xx_it.c.obj
                0x20000468                modbus_t1_5_timeout
 *fill*         0x20000469        0x3 
 .bss.RxBuffer  0x2000046c        0x4 CMakeFiles/STM32F446.dir/Core/Src/modbusSlave.c.obj
                0x2000046c                RxBuffer
 .bss.TxBuffer  0x20000470        0x4 CMakeFiles/STM32F446.dir/Core/Src/modbusSlave.c.obj
                0x20000470                TxBuffer
 .bss.usRegInputBuf
                0x20000474       0x2c CMakeFiles/STM32F446.dir/Core/Src/modbusSlave.c.obj
                0x20000474                usRegInputBuf
 .bss.usRegHoldingBuf
                0x200004a0       0x2c CMakeFiles/STM32F446.dir/Core/Src/modbusSlave.c.obj
                0x200004a0                usRegHoldingBuf
 .bss.usCoilsBuf
                0x200004cc        0x2 CMakeFiles/STM32F446.dir/Core/Src/modbusSlave.c.obj
                0x200004cc                usCoilsBuf
 *fill*         0x200004ce        0x2 
 .bss.usDiscreteBuf
                0x200004d0        0x2 CMakeFiles/STM32F446.dir/Core/Src/modbusSlave.c.obj
                0x200004d0                usDiscreteBuf
 *fill*         0x200004d2        0x2 
 .bss.TransmitFuncPtr
                0x200004d4        0x4 CMakeFiles/STM32F446.dir/Core/Src/modbusSlave.c.obj
                0x200004d4                TransmitFuncPtr
 .bss.uwTick    0x200004d8        0x4 cmake/stm32cubemx/CMakeFiles/STM32_Drivers.dir/__/__/Drivers/STM32F4xx_HAL_Driver/Src/stm32f4xx_hal.c.obj
                0x200004d8                uwTick
 *(COMMON)
                0x200004dc                        . = ALIGN (0x4)
                0x200004dc                        _ebss = .
                0x200004dc                        __bss_end__ = _ebss

._user_heap_stack
                0x200004dc      0x604 load address 0x08003b38
                0x200004e0                        . = ALIGN (0x8)
 *fill*         0x200004dc        0x4 
                [!provide]                        PROVIDE (end = .)
                0x200004e0                        PROVIDE (_end = .)
                0x200006e0                        . = (. + _Min_Heap_Size)
 *fill*         0x200004e0      0x200 
                0x20000ae0                        . = (. + _Min_Stack_Size)
 *fill*         0x200006e0      0x400 
                0x20000ae0                        . = ALIGN (0x8)

/DISCARD/
 libc.a(*)
 libm.a(*)
 libgcc.a(*)
OUTPUT(STM32F446.elf elf32-littlearm)
LOAD linker stubs
LOAD /home/svs/.local/share/stm32cube/bundles/gnu-tools-for-stm32/14.3.1+st.2/bin/../lib/gcc/arm-none-eabi/14.3.1/../../../../arm-none-eabi/lib/thumb/v7e-m+fp/hard/libc.a
LOAD /home/svs/.local/share/stm32cube/bundles/gnu-tools-for-stm32/14.3.1+st.2/bin/../lib/gcc/arm-none-eabi/14.3.1/../../../../arm-none-eabi/lib/thumb/v7e-m+fp/hard/libm.a
LOAD /home/svs/.local/share/stm32cube/bundles/gnu-tools-for-stm32/14.3.1+st.2/bin/../lib/gcc/arm-none-eabi/14.3.1/thumb/v7e-m+fp/hard/libgcc.a

.ARM.attributes
                0x00000000       0x30
 .ARM.attributes
                0x00000000       0x22 /home/svs/.local/share/stm32cube/bundles/gnu-tools-for-stm32/14.3.1+st.2/bin/../lib/gcc/arm-none-eabi/14.3.1/thumb/v7e-m+fp/hard/crti.o
 .ARM.attributes
                0x00000022       0x34 /home/svs/.local/share/stm32cube/bundles/gnu-tools-for-stm32/14.3.1+st.2/bin/../lib/gcc/arm-none-eabi/14.3.1/thumb/v7e-m+fp/hard/crtbegin.o
 .ARM.attributes
                0x00000056       0x34 /home/svs/.local/share/stm32cube/bundles/gnu-tools-for-stm32/14.3.1+st.2/bin/../lib/gcc/arm-none-eabi/14.3.1/../../../../arm-none-eabi/lib/thumb/v7e-m+fp/hard/libc_nano.a(libc_a-memset.o)
 .ARM.attributes
                0x0000008a       0x34 /home/svs/.local/share/stm32cube/bundles/gnu-tools-for-stm32/14.3.1+st.2/bin/../lib/gcc/arm-none-eabi/14.3.1/../../../../arm-none-eabi/lib/thumb/v7e-m+fp/hard/libc_nano.a(libc_a-init.o)
 .ARM.attributes
                0x000000be       0x34 CMakeFiles/STM32F446.dir/Core/Src/main.c.obj
 .ARM.attributes
                0x000000f2       0x34 CMakeFiles/STM32F446.dir/Core/Src/stm32f4xx_it.c.obj
 .ARM.attributes
                0x00000126       0x34 CMakeFiles/STM32F446.dir/Core/Src/stm32f4xx_hal_msp.c.obj
 .ARM.attributes
                0x0000015a       0x21 CMakeFiles/STM32F446.dir/startup_stm32f446xx.s.obj
 .ARM.attributes
                0x0000017b       0x34 CMakeFiles/STM32F446.dir/Core/Src/modbusSlave.c.obj
 .ARM.attributes
                0x000001af       0x34 CMakeFiles/STM32F446.dir/Core/Src/modbus_crc.c.obj
 .ARM.attributes
                0x000001e3       0x34 cmake/stm32cubemx/CMakeFiles/STM32_Drivers.dir/__/__/Core/Src/system_stm32f4xx.c.obj
 .ARM.attributes
                0x00000217       0x34 cmake/stm32cubemx/CMakeFiles/STM32_Drivers.dir/__/__/Drivers/STM32F4xx_HAL_Driver/Src/stm32f4xx_hal_rcc.c.obj
 .ARM.attributes
                0x0000024b       0x34 cmake/stm32cubemx/CMakeFiles/STM32_Drivers.dir/__/__/Drivers/STM32F4xx_HAL_Driver/Src/stm32f4xx_hal_rcc_ex.c.obj
 .ARM.attributes
                0x0000027f       0x34 cmake/stm32cubemx/CMakeFiles/STM32_Drivers.dir/__/__/Drivers/STM32F4xx_HAL_Driver/Src/stm32f4xx_hal_pwr_ex.c.obj
 .ARM.attributes
                0x000002b3       0x34 cmake/stm32cubemx/CMakeFiles/STM32_Drivers.dir/__/__/Drivers/STM32F4xx_HAL_Driver/Src/stm32f4xx_hal_cortex.c.obj
 .ARM.attributes
                0x000002e7       0x34 cmake/stm32cubemx/CMakeFiles/STM32_Drivers.dir/__/__/Drivers/STM32F4xx_HAL_Driver/Src/stm32f4xx_hal.c.obj
 .ARM.attributes
                0x0000031b       0x22 /home/svs/.local/share/stm32cube/bundles/gnu-tools-for-stm32/14.3.1+st.2/bin/../lib/gcc/arm-none-eabi/14.3.1/thumb/v7e-m+fp/hard/libgcc.a(_aeabi_uldivmod.o)
 .ARM.attributes
                0x0000033d       0x34 /home/svs/.local/share/stm32cube/bundles/gnu-tools-for-stm32/14.3.1+st.2/bin/../lib/gcc/arm-none-eabi/14.3.1/thumb/v7e-m+fp/hard/libgcc.a(_udivmoddi4.o)
 .ARM.attributes
                0x00000371       0x22 /home/svs/.local/share/stm32cube/bundles/gnu-tools-for-stm32/14.3.1+st.2/bin/../lib/gcc/arm-none-eabi/14.3.1/thumb/v7e-m+fp/hard/libgcc.a(_dvmd_tls.o)
 .ARM.attributes
                0x00000393       0x22 /home/svs/.local/share/stm32cube/bundles/gnu-tools-for-stm32/14.3.1+st.2/bin/../lib/gcc/arm-none-eabi/14.3.1/thumb/v7e-m+fp/hard/crtn.o

.comment        0x00000000       0x43
 .comment       0x00000000       0x43 CMakeFiles/STM32F446.dir/Core/Src/main.c.obj
                                 0x44 (size before relaxing)
 .comment       0x00000043       0x44 CMakeFiles/STM32F446.dir/Core/Src/stm32f4xx_it.c.obj
 .comment       0x00000043       0x44 CMakeFiles/STM32F446.dir/Core/Src/stm32f4xx_hal_msp.c.obj
 .comment       0x00000043       0x44 CMakeFiles/STM32F446.dir/Core/Src/modbusSlave.c.obj
 .comment       0x00000043       0x44 CMakeFiles/STM32F446.dir/Core/Src/modbus_crc.c.obj
 .comment       0x00000043       0x44 cmake/stm32cubemx/CMakeFiles/STM32_Drivers.dir/__/__/Core/Src/system_stm32f4xx.c.obj
 .comment       0x00000043       0x44 cmake/stm32cubemx/CMakeFiles/STM32_Drivers.dir/__/__/Drivers/STM32F4xx_HAL_Driver/Src/stm32f4xx_hal_rcc.c.obj
 .comment       0x00000043       0x44 cmake/stm32cubemx/CMakeFiles/STM32_Drivers.dir/__/__/Drivers/STM32F4xx_HAL_Driver/Src/stm32f4xx_hal_rcc_ex.c.obj
 .comment       0x00000043       0x44 cmake/stm32cubemx/CMakeFiles/STM32_Drivers.dir/__/__/Drivers/STM32F4xx_HAL_Driver/Src/stm32f4xx_hal_pwr_ex.c.obj
 .comment       0x00000043       0x44 cmake/stm32cubemx/CMakeFiles/STM32_Drivers.dir/__/__/Drivers/STM32F4xx_HAL_Driver/Src/stm32f4xx_hal_cortex.c.obj
 .comment       0x00000043       0x44 cmake/stm32cubemx/CMakeFiles/STM32_Drivers.dir/__/__/Drivers/STM32F4xx_HAL_Driver/Src/stm32f4xx_hal.c.obj

.debug_frame    0x00000000     0x156c
 .debug_frame   0x00000000       0x20 /home/svs/.local/share/stm32cube/bundles/gnu-tools-for-stm32/14.3.1+st.2/bin/../lib/gcc/arm-none-eabi/14.3.1/../../../../arm-none-eabi/lib/thumb/v7e-m+fp/hard/libc_nano.a(libc_a-memset.o)
 .debug_frame   0x00000020       0x2c /home/svs/.local/share/stm32cube/bundles/gnu-tools-for-stm32/14.3.1+st.2/bin/../lib/gcc/arm-none-eabi/14.3.1/../../../../arm-none-eabi/lib/thumb/v7e-m+fp/hard/libc_nano.a(libc_a-init.o)
 .debug_frame   0x0000004c      0x3e4 CMakeFiles/STM32F446.dir/Core/Src/main.c.obj
 .debug_frame   0x00000430      0x1e8 CMakeFiles/STM32F446.dir/Core/Src/stm32f4xx_it.c.obj
 .debug_frame   0x00000618       0x34 CMakeFiles/STM32F446.dir/Core/Src/stm32f4xx_hal_msp.c.obj
 .debug_frame   0x0000064c      0x17c CMakeFiles/STM32F446.dir/Core/Src/modbusSlave.c.obj
 .debug_frame   0x000007c8       0x34 CMakeFiles/STM32F446.dir/Core/Src/modbus_crc.c.obj
 .debug_frame   0x000007fc       0x50 cmake/stm32cubemx/CMakeFiles/STM32_Drivers.dir/__/__/Core/Src/system_stm32f4xx.c.obj
 .debug_frame   0x0000084c      0x1d8 cmake/stm32cubemx/CMakeFiles/STM32_Drivers.dir/__/__/Drivers/STM32F4xx_HAL_Driver/Src/stm32f4xx_hal_rcc.c.obj
 .debug_frame   0x00000a24      0x1d8 cmake/stm32cubemx/CMakeFiles/STM32_Drivers.dir/__/__/Drivers/STM32F4xx_HAL_Driver/Src/stm32f4xx_hal_rcc_ex.c.obj
 .debug_frame   0x00000bfc      0x13c cmake/stm32cubemx/CMakeFiles/STM32_Drivers.dir/__/__/Drivers/STM32F4xx_HAL_Driver/Src/stm32f4xx_hal_pwr_ex.c.obj
 .debug_frame   0x00000d38      0x4b8 cmake/stm32cubemx/CMakeFiles/STM32_Drivers.dir/__/__/Drivers/STM32F4xx_HAL_Driver/Src/stm32f4xx_hal_cortex.c.obj
 .debug_frame   0x000011f0      0x31c cmake/stm32cubemx/CMakeFiles/STM32_Drivers.dir/__/__/Drivers/STM32F4xx_HAL_Driver/Src/stm32f4xx_hal.c.obj
 .debug_frame   0x0000150c       0x2c /home/svs/.local/share/stm32cube/bundles/gnu-tools-for-stm32/14.3.1+st.2/bin/../lib/gcc/arm-none-eabi/14.3.1/thumb/v7e-m+fp/hard/libgcc.a(_aeabi_uldivmod.o)
 .debug_frame   0x00001538       0x34 /home/svs/.local/share/stm32cube/bundles/gnu-tools-for-stm32/14.3.1+st.2/bin/../lib/gcc/arm-none-eabi/14.3.1/thumb/v7e-m+fp/hard/libgcc.a(_udivmoddi4.o)

.debug_info     0x00000000     0x5f6e
 .debug_info    0x00000000     0x199b CMakeFiles/STM32F446.dir/Core/Src/main.c.obj
 .debug_info    0x0000199b      0x614 CMakeFiles/STM32F446.dir/Core/Src/stm32f4xx_it.c.obj
 .debug_info    0x00001faf      0x299 CMakeFiles/STM32F446.dir/Core/Src/stm32f4xx_hal_msp.c.obj
 .debug_info    0x00002248       0x30 CMakeFiles/STM32F446.dir/startup_stm32f446xx.s.obj
 .debug_info    0x00002278      0x5ec CMakeFiles/STM32F446.dir/Core/Src/modbusSlave.c.obj
 .debug_info    0x00002864      0x143 CMakeFiles/STM32F446.dir/Core/Src/modbus_crc.c.obj
 .debug_info    0x000029a7      0x54a cmake/stm32cubemx/CMakeFiles/STM32_Drivers.dir/__/__/Core/Src/system_stm32f4xx.c.obj
 .debug_info    0x00002ef1      0x8ff cmake/stm32cubemx/CMakeFiles/STM32_Drivers.dir/__/__/Drivers/STM32F4xx_HAL_Driver/Src/stm32f4xx_hal_rcc.c.obj
 .debug_info    0x000037f0      0x960 cmake/stm32cubemx/CMakeFiles/STM32_Drivers.dir/__/__/Drivers/STM32F4xx_HAL_Driver/Src/stm32f4xx_hal_rcc_ex.c.obj
 .debug_info    0x00004150      0x6da cmake/stm32cubemx/CMakeFiles/STM32_Drivers.dir/__/__/Drivers/STM32F4xx_HAL_Driver/Src/stm32f4xx_hal_pwr_ex.c.obj
 .debug_info    0x0000482a      0xdaa cmake/stm32cubemx/CMakeFiles/STM32_Drivers.dir/__/__/Drivers/STM32F4xx_HAL_Driver/Src/stm32f4xx_hal_cortex.c.obj
 .debug_info    0x000055d4      0x99a cmake/stm32cubemx/CMakeFiles/STM32_Drivers.dir/__/__/Drivers/STM32F4xx_HAL_Driver/Src/stm32f4xx_hal.c.obj

.debug_abbrev   0x00000000     0x1566
 .debug_abbrev  0x00000000      0x363 CMakeFiles/STM32F446.dir/Core/Src/main.c.obj
 .debug_abbrev  0x00000363      0x1c1 CMakeFiles/STM32F446.dir/Core/Src/stm32f4xx_it.c.obj
 .debug_abbrev  0x00000524       0xd8 CMakeFiles/STM32F446.dir/Core/Src/stm32f4xx_hal_msp.c.obj
 .debug_abbrev  0x000005fc       0x24 CMakeFiles/STM32F446.dir/startup_stm32f446xx.s.obj
 .debug_abbrev  0x00000620      0x1b5 CMakeFiles/STM32F446.dir/Core/Src/modbusSlave.c.obj
 .debug_abbrev  0x000007d5       0xaf CMakeFiles/STM32F446.dir/Core/Src/modbus_crc.c.obj
 .debug_abbrev  0x00000884      0x11a cmake/stm32cubemx/CMakeFiles/STM32_Drivers.dir/__/__/Core/Src/system_stm32f4xx.c.obj
 .debug_abbrev  0x0000099e      0x2b7 cmake/stm32cubemx/CMakeFiles/STM32_Drivers.dir/__/__/Drivers/STM32F4xx_HAL_Driver/Src/stm32f4xx_hal_rcc.c.obj
 .debug_abbrev  0x00000c55      0x211 cmake/stm32cubemx/CMakeFiles/STM32_Drivers.dir/__/__/Drivers/STM32F4xx_HAL_Driver/Src/stm32f4xx_hal_rcc_ex.c.obj
 .debug_abbrev  0x00000e66      0x1cf cmake/stm32cubemx/CMakeFiles/STM32_Drivers.dir/__/__/Drivers/STM32F4xx_HAL_Driver/Src/stm32f4xx_hal_pwr_ex.c.obj
 .debug_abbrev  0x00001035      0x31d cmake/stm32cubemx/CMakeFiles/STM32_Drivers.dir/__/__/Drivers/STM32F4xx_HAL_Driver/Src/stm32f4xx_hal_cortex.c.obj
 .debug_abbrev  0x00001352      0x214 cmake/stm32cubemx/CMakeFiles/STM32_Drivers.dir/__/__/Drivers/STM32F4xx_HAL_Driver/Src/stm32f4xx_hal.c.obj

.debug_aranges  0x00000000      0x620
 .debug_aranges
                0x00000000      0x108 CMakeFiles/STM32F446.dir/Core/Src/main.c.obj
 .debug_aranges
                0x00000108       0xa0 CMakeFiles/STM32F446.dir/Core/Src/stm32f4xx_it.c.obj
 .debug_aranges
                0x000001a8       0x20 CMakeFiles/STM32F446.dir/Core/Src/stm32f4xx_hal_msp.c.obj
 .debug_aranges
                0x000001c8       0x28 CMakeFiles/STM32F446.dir/startup_stm32f446xx.s.obj
 .debug_aranges
                0x000001f0       0x68 CMakeFiles/STM32F446.dir/Core/Src/modbusSlave.c.obj
 .debug_aranges
                0x00000258       0x20 CMakeFiles/STM32F446.dir/Core/Src/modbus_crc.c.obj
 .debug_aranges
                0x00000278       0x28 cmake/stm32cubemx/CMakeFiles/STM32_Drivers.dir/__/__/Core/Src/system_stm32f4xx.c.obj
 .debug_aranges
                0x000002a0       0x88 cmake/stm32cubemx/CMakeFiles/STM32_Drivers.dir/__/__/Drivers/STM32F4xx_HAL_Driver/Src/stm32f4xx_hal_rcc.c.obj
 .debug_aranges
                0x00000328       0x78 cmake/stm32cubemx/CMakeFiles/STM32_Drivers.dir/__/__/Drivers/STM32F4xx_HAL_Driver/Src/stm32f4xx_hal_rcc_ex.c.obj
 .debug_aranges
                0x000003a0       0x60 cmake/stm32cubemx/CMakeFiles/STM32_Drivers.dir/__/__/Drivers/STM32F4xx_HAL_Driver/Src/stm32f4xx_hal_pwr_ex.c.obj
 .debug_aranges
                0x00000400      0x130 cmake/stm32cubemx/CMakeFiles/STM32_Drivers.dir/__/__/Drivers/STM32F4xx_HAL_Driver/Src/stm32f4xx_hal_cortex.c.obj
 .debug_aranges
                0x00000530       0xf0 cmake/stm32cubemx/CMakeFiles/STM32_Drivers.dir/__/__/Drivers/STM32F4xx_HAL_Driver/Src/stm32f4xx_hal.c.obj

.debug_rnglists
                0x00000000      0x495
 .debug_rnglists
                0x00000000       0xd0 CMakeFiles/STM32F446.dir/Core/Src/main.c.obj
 .debug_rnglists
                0x000000d0       0x81 CMakeFiles/STM32F446.dir/Core/Src/stm32f4xx_it.c.obj
 .debug_rnglists
                0x00000151       0x13 CMakeFiles/STM32F446.dir/Core/Src/stm32f4xx_hal_msp.c.obj
 .debug_rnglists
                0x00000164       0x19 CMakeFiles/STM32F446.dir/startup_stm32f446xx.s.obj
 .debug_rnglists
                0x0000017d       0x51 CMakeFiles/STM32F446.dir/Core/Src/modbusSlave.c.obj
 .debug_rnglists
                0x000001ce       0x13 CMakeFiles/STM32F446.dir/Core/Src/modbus_crc.c.obj
 .debug_rnglists
                0x000001e1       0x1a cmake/stm32cubemx/CMakeFiles/STM32_Drivers.dir/__/__/Core/Src/system_stm32f4xx.c.obj
 .debug_rnglists
                0x000001fb       0x66 cmake/stm32cubemx/CMakeFiles/STM32_Drivers.dir/__/__/Drivers/STM32F4xx_HAL_Driver/Src/stm32f4xx_hal_rcc.c.obj
 .debug_rnglists
                0x00000261       0x5e cmake/stm32cubemx/CMakeFiles/STM32_Drivers.dir/__/__/Drivers/STM32F4xx_HAL_Driver/Src/stm32f4xx_hal_rcc_ex.c.obj
 .debug_rnglists
                0x000002bf       0x47 cmake/stm32cubemx/CMakeFiles/STM32_Drivers.dir/__/__/Drivers/STM32F4xx_HAL_Driver/Src/stm32f4xx_hal_pwr_ex.c.obj
 .debug_rnglists
                0x00000306       0xe0 cmake/stm32cubemx/CMakeFiles/STM32_Drivers.dir/__/__/Drivers/STM32F4xx_HAL_Driver/Src/stm32f4xx_hal_cortex.c.obj
 .debug_rnglists
                0x000003e6       0xaf cmake/stm32cubemx/CMakeFiles/STM32_Drivers.dir/__/__/Drivers/STM32F4xx_HAL_Driver/Src/stm32f4xx_hal.c.obj

.debug_macro    0x00000000    0x20375
 .debug_macro   0x00000000      0x1e2 CMakeFiles/STM32F446.dir/Core/Src/main.c.obj
 .debug_macro   0x000001e2      0xad8 CMakeFiles/STM32F446.dir/Core/Src/main.c.obj
 .debug_macro   0x00000cba      0x28f CMakeFiles/STM32F446.dir/Core/Src/main.c.obj
 .debug_macro   0x00000f49       0x2e CMakeFiles/STM32F446.dir/Core/Src/main.c.obj
 .debug_macro   0x00000f77       0x28 CMakeFiles/STM32F446.dir/Core/Src/main.c.obj
 .debug_macro   0x00000f9f       0x22 CMakeFiles/STM32F446.dir/Core/Src/main.c.obj
 .debug_macro   0x00000fc1       0x8e CMakeFiles/STM32F446.dir/Core/Src/main.c.obj
 .debug_macro   0x0000104f       0x51 CMakeFiles/STM32F446.dir/Core/Src/main.c.obj
 .debug_macro   0x000010a0      0x103 CMakeFiles/STM32F446.dir/Core/Src/main.c.obj
 .debug_macro   0x000011a3       0x6a CMakeFiles/STM32F446.dir/Core/Src/main.c.obj
 .debug_macro   0x0000120d      0x1df CMakeFiles/STM32F446.dir/Core/Src/main.c.obj
 .debug_macro   0x000013ec       0x1c CMakeFiles/STM32F446.dir/Core/Src/main.c.obj
 .debug_macro   0x00001408       0x22 CMakeFiles/STM32F446.dir/Core/Src/main.c.obj
 .debug_macro   0x0000142a       0xfb CMakeFiles/STM32F446.dir/Core/Src/main.c.obj
 .debug_macro   0x00001525     0x1011 CMakeFiles/STM32F446.dir/Core/Src/main.c.obj
 .debug_macro   0x00002536      0x11f CMakeFiles/STM32F446.dir/Core/Src/main.c.obj
 .debug_macro   0x00002655    0x1675e CMakeFiles/STM32F446.dir/Core/Src/main.c.obj
 .debug_macro   0x00018db3       0x6d CMakeFiles/STM32F446.dir/Core/Src/main.c.obj
 .debug_macro   0x00018e20     0x3693 CMakeFiles/STM32F446.dir/Core/Src/main.c.obj
 .debug_macro   0x0001c4b3      0x190 CMakeFiles/STM32F446.dir/Core/Src/main.c.obj
 .debug_macro   0x0001c643       0x5c CMakeFiles/STM32F446.dir/Core/Src/main.c.obj
 .debug_macro   0x0001c69f      0xca5 CMakeFiles/STM32F446.dir/Core/Src/main.c.obj
 .debug_macro   0x0001d344      0x9e9 CMakeFiles/STM32F446.dir/Core/Src/main.c.obj
 .debug_macro   0x0001dd2d      0x115 CMakeFiles/STM32F446.dir/Core/Src/main.c.obj
 .debug_macro   0x0001de42      0x1a0 CMakeFiles/STM32F446.dir/Core/Src/main.c.obj
 .debug_macro   0x0001dfe2       0xa5 CMakeFiles/STM32F446.dir/Core/Src/main.c.obj
 .debug_macro   0x0001e087      0x16d CMakeFiles/STM32F446.dir/Core/Src/main.c.obj
 .debug_macro   0x0001e1f4      0x287 CMakeFiles/STM32F446.dir/Core/Src/main.c.obj
 .debug_macro   0x0001e47b       0x5f CMakeFiles/STM32F446.dir/Core/Src/main.c.obj
 .debug_macro   0x0001e4da      0x236 CMakeFiles/STM32F446.dir/Core/Src/main.c.obj
 .debug_macro   0x0001e710      0x132 CMakeFiles/STM32F446.dir/Core/Src/main.c.obj
 .debug_macro   0x0001e842      0x29c CMakeFiles/STM32F446.dir/Core/Src/main.c.obj
 .debug_macro   0x0001eade       0x2e CMakeFiles/STM32F446.dir/Core/Src/main.c.obj
 .debug_macro   0x0001eb0c      0x127 CMakeFiles/STM32F446.dir/Core/Src/main.c.obj
 .debug_macro   0x0001ec33       0xe8 CMakeFiles/STM32F446.dir/Core/Src/main.c.obj
 .debug_macro   0x0001ed1b       0x89 CMakeFiles/STM32F446.dir/Core/Src/main.c.obj
 .debug_macro   0x0001eda4      0x126 CMakeFiles/STM32F446.dir/Core/Src/main.c.obj
 .debug_macro   0x0001eeca       0x64 CMakeFiles/STM32F446.dir/Core/Src/main.c.obj
 .debug_macro   0x0001ef2e      0x22f CMakeFiles/STM32F446.dir/Core/Src/main.c.obj
 .debug_macro   0x0001f15d      0x1e2 CMakeFiles/STM32F446.dir/Core/Src/stm32f4xx_it.c.obj
 .debug_macro   0x0001f33f      0x1d8 CMakeFiles/STM32F446.dir/Core/Src/stm32f4xx_hal_msp.c.obj
 .debug_macro   0x0001f517      0x29b CMakeFiles/STM32F446.dir/Core/Src/modbusSlave.c.obj
 .debug_macro   0x0001f7b2       0x74 CMakeFiles/STM32F446.dir/Core/Src/modbusSlave.c.obj
 .debug_macro   0x0001f826       0x10 CMakeFiles/STM32F446.dir/Core/Src/modbusSlave.c.obj
 .debug_macro   0x0001f836       0x20 CMakeFiles/STM32F446.dir/Core/Src/modbusSlave.c.obj
 .debug_macro   0x0001f856       0x63 CMakeFiles/STM32F446.dir/Core/Src/modbus_crc.c.obj
 .debug_macro   0x0001f8b9      0x1b0 cmake/stm32cubemx/CMakeFiles/STM32_Drivers.dir/__/__/Core/Src/system_stm32f4xx.c.obj
 .debug_macro   0x0001fa69      0x1d4 cmake/stm32cubemx/CMakeFiles/STM32_Drivers.dir/__/__/Drivers/STM32F4xx_HAL_Driver/Src/stm32f4xx_hal_rcc.c.obj
 .debug_macro   0x0001fc3d      0x1b0 cmake/stm32cubemx/CMakeFiles/STM32_Drivers.dir/__/__/Drivers/STM32F4xx_HAL_Driver/Src/stm32f4xx_hal_rcc_ex.c.obj
 .debug_macro   0x0001fded      0x1c8 cmake/stm32cubemx/CMakeFiles/STM32_Drivers.dir/__/__/Drivers/STM32F4xx_HAL_Driver/Src/stm32f4xx_hal_pwr_ex.c.obj
 .debug_macro   0x0001ffb5      0x1b0 cmake/stm32cubemx/CMakeFiles/STM32_Drivers.dir/__/__/Drivers/STM32F4xx_HAL_Driver/Src/stm32f4xx_hal_cortex.c.obj
 .debug_macro   0x00020165      0x210 cmake/stm32cubemx/CMakeFiles/STM32_Drivers.dir/__/__/Drivers/STM32F4xx_HAL_Driver/Src/stm32f4xx_hal.c.obj

.debug_line     0x00000000     0x775a
 .debug_line    0x00000000     0x1228 CMakeFiles/STM32F446.dir/Core/Src/main.c.obj
 .debug_line    0x00001228      0x913 CMakeFiles/STM32F446.dir/Core/Src/stm32f4xx_it.c.obj
 .debug_line    0x00001b3b      0x643 CMakeFiles/STM32F446.dir/Core/Src/stm32f4xx_hal_msp.c.obj
 .debug_line    0x0000217e       0x7a CMakeFiles/STM32F446.dir/startup_stm32f446xx.s.obj
 .debug_line    0x000021f8      0xdad CMakeFiles/STM32F446.dir/Core/Src/modbusSlave.c.obj
 .debug_line    0x00002fa5      0x297 CMakeFiles/STM32F446.dir/Core/Src/modbus_crc.c.obj
 .debug_line    0x0000323c      0x698 cmake/stm32cubemx/CMakeFiles/STM32_Drivers.dir/__/__/Core/Src/system_stm32f4xx.c.obj
 .debug_line    0x000038d4      0xd2d cmake/stm32cubemx/CMakeFiles/STM32_Drivers.dir/__/__/Drivers/STM32F4xx_HAL_Driver/Src/stm32f4xx_hal_rcc.c.obj
 .debug_line    0x00004601     0x13dd cmake/stm32cubemx/CMakeFiles/STM32_Drivers.dir/__/__/Drivers/STM32F4xx_HAL_Driver/Src/stm32f4xx_hal_rcc_ex.c.obj
 .debug_line    0x000059de      0x881 cmake/stm32cubemx/CMakeFiles/STM32_Drivers.dir/__/__/Drivers/STM32F4xx_HAL_Driver/Src/stm32f4xx_hal_pwr_ex.c.obj
 .debug_line    0x0000625f      0xbe4 cmake/stm32cubemx/CMakeFiles/STM32_Drivers.dir/__/__/Drivers/STM32F4xx_HAL_Driver/Src/stm32f4xx_hal_cortex.c.obj
 .debug_line    0x00006e43      0x917 cmake/stm32cubemx/CMakeFiles/STM32_Drivers.dir/__/__/Drivers/STM32F4xx_HAL_Driver/Src/stm32f4xx_hal.c.obj

.debug_str      0x00000000    0xc6398
 .debug_str     0x00000000    0xc6398 CMakeFiles/STM32F446.dir/Core/Src/main.c.obj
                              0xc2636 (size before relaxing)
 .debug_str     0x000c6398    0xc1a1e CMakeFiles/STM32F446.dir/Core/Src/stm32f4xx_it.c.obj
 .debug_str     0x000c6398    0xc17d5 CMakeFiles/STM32F446.dir/Core/Src/stm32f4xx_hal_msp.c.obj
 .debug_str     0x000c6398       0x84 CMakeFiles/STM32F446.dir/startup_stm32f446xx.s.obj
 .debug_str     0x000c6398    0xc43c7 CMakeFiles/STM32F446.dir/Core/Src/modbusSlave.c.obj
 .debug_str     0x000c6398     0x3de9 CMakeFiles/STM32F446.dir/Core/Src/modbus_crc.c.obj
 .debug_str     0x000c6398    0xc096d cmake/stm32cubemx/CMakeFiles/STM32_Drivers.dir/__/__/Core/Src/system_stm32f4xx.c.obj
 .debug_str     0x000c6398    0xc0da6 cmake/stm32cubemx/CMakeFiles/STM32_Drivers.dir/__/__/Drivers/STM32F4xx_HAL_Driver/Src/stm32f4xx_hal_rcc.c.obj
 .debug_str     0x000c6398    0xc0dd9 cmake/stm32cubemx/CMakeFiles/STM32_Drivers.dir/__/__/Drivers/STM32F4xx_HAL_Driver/Src/stm32f4xx_hal_rcc_ex.c.obj
 .debug_str     0x000c6398    0xc0b45 cmake/stm32cubemx/CMakeFiles/STM32_Drivers.dir/__/__/Drivers/STM32F4xx_HAL_Driver/Src/stm32f4xx_hal_pwr_ex.c.obj
 .debug_str     0x000c6398    0xc1289 cmake/stm32cubemx/CMakeFiles/STM32_Drivers.dir/__/__/Drivers/STM32F4xx_HAL_Driver/Src/stm32f4xx_hal_cortex.c.obj
 .debug_str     0x000c6398    0xc1532 cmake/stm32cubemx/CMakeFiles/STM32_Drivers.dir/__/__/Drivers/STM32F4xx_HAL_Driver/Src/stm32f4xx_hal.c.obj

.debug_line_str
                0x00000000       0x3f
 .debug_line_str
                0x00000000       0x3f CMakeFiles/STM32F446.dir/startup_stm32f446xx.s.obj
                                 0x68 (size before relaxing)
